#-----------------------------------------------------------
# Vivado v2023.2 (64-bit)
# SW Build 4029153 on Fri Oct 13 20:14:34 MDT 2023
# IP Build 4028589 on Sat Oct 14 00:45:43 MDT 2023
# SharedData Build 4025554 on Tue Oct 10 17:18:54 MDT 2023
# Start of session at: Wed Jul 29 11:20:04 2026
# Process ID: 29800
# Current directory: D:/summerlab/miniRV_CTEST_CoreMark_v8/miniRV_lab2_C_TEST0-4_CoreMark_50MHz_v8_MEM_handshake_fixed/miniRV_complete/vivado_c_test_board_50MHz
# Command line: vivado.exe -gui_launcher_event rodinguilauncherevent30464 D:\summerlab\miniRV_CTEST_CoreMark_v8\miniRV_lab2_C_TEST0-4_CoreMark_50MHz_v8_MEM_handshake_fixed\miniRV_complete\vivado_c_test_board_50MHz\miniRV_c_test_board_50MHz.xpr
# Log file: D:/summerlab/miniRV_CTEST_CoreMark_v8/miniRV_lab2_C_TEST0-4_CoreMark_50MHz_v8_MEM_handshake_fixed/miniRV_complete/vivado_c_test_board_50MHz/vivado.log
# Journal file: D:/summerlab/miniRV_CTEST_CoreMark_v8/miniRV_lab2_C_TEST0-4_CoreMark_50MHz_v8_MEM_handshake_fixed/miniRV_complete/vivado_c_test_board_50MHz\vivado.jou
# Running On: HW, OS: Windows, CPU Frequency: 2611 MHz, CPU Physical cores: 8, Host memory: 16890 MB
#-----------------------------------------------------------
start_gui
open_project D:/summerlab/miniRV_CTEST_CoreMark_v8/miniRV_lab2_C_TEST0-4_CoreMark_50MHz_v8_MEM_handshake_fixed/miniRV_complete/vivado_c_test_board_50MHz/miniRV_c_test_board_50MHz.xpr
update_compile_order -fileset sources_1
