#-----------------------------------------------------------
# Vivado v2023.2 (64-bit)
# SW Build 4029153 on Fri Oct 13 20:14:34 MDT 2023
# IP Build 4028589 on Sat Oct 14 00:45:43 MDT 2023
# SharedData Build 4025554 on Tue Oct 10 17:18:54 MDT 2023
# Start of session at: Wed Jul 29 10:39:50 2026
# Process ID: 8608
# Current directory: D:/miniRV_CTEST_CoreMark_v8/miniRV_lab2_C_TEST0-4_CoreMark_50MHz_v8_MEM_handshake_fixed/miniRV_complete
# Command line: vivado.exe -mode batch -notrace -source create_c_test_board_project.tcl
# Log file: D:/miniRV_CTEST_CoreMark_v8/miniRV_lab2_C_TEST0-4_CoreMark_50MHz_v8_MEM_handshake_fixed/miniRV_complete/vivado.log
# Journal file: D:/miniRV_CTEST_CoreMark_v8/miniRV_lab2_C_TEST0-4_CoreMark_50MHz_v8_MEM_handshake_fixed/miniRV_complete\vivado.jou
# Running On: 217-29, OS: Windows, CPU Frequency: 3192 MHz, CPU Physical cores: 6, Host memory: 17056 MB
#-----------------------------------------------------------
source create_c_test_board_project.tcl -notrace
INFO: [ProjectBase 1-489] The host OS only allows 260 characters in a normal path. The project is stored in a path with more than 80 characters. If you experience issues with IP, Block Designs, or files not being found, please consider moving the project to a location with a shorter path. Alternately consider using the OS subst command to map part of the path to a drive letter.
Current project path is 'D:/miniRV_CTEST_CoreMark_v8/miniRV_lab2_C_TEST0-4_CoreMark_50MHz_v8_MEM_handshake_fixed/miniRV_complete/vivado_c_test_board_50MHz'
create_project: Time (s): cpu = 00:00:05 ; elapsed = 00:00:06 . Memory (MB): peak = 473.051 ; gain = 179.441
INFO: [IP_Flow 19-234] Refreshing IP repositories
INFO: [IP_Flow 19-1704] No user IP repositories specified
INFO: [IP_Flow 19-2313] Loaded Vivado IP repository 'D:/Xilinx/Vivado/2023.2/data/ip'.
INFO: [Device 21-403] Loading part xc7a35tcsg324-1
WARNING: [Vivado 12-13650] The IP file 'D:/miniRV_CTEST_CoreMark_v8/miniRV_lab2_C_TEST0-4_CoreMark_50MHz_v8_MEM_handshake_fixed/miniRV_complete/src/rtl/ip/clk_wiz_0/clk_wiz_0.xci' has been moved from its original location, as a result the outputs for this IP will now be generated in 'd:/miniRV_CTEST_CoreMark_v8/miniRV_lab2_C_TEST0-4_CoreMark_50MHz_v8_MEM_handshake_fixed/miniRV_complete/miniRV.gen/sources_1/ip/clk_wiz_0'. Alternatively a copy of the IP can be imported into the project using one of the 'import_ip' or 'import_files' commands.
INFO: [IP_Flow 19-1686] Generating 'Instantiation Template' target for IP 'clk_wiz_0'...
INFO: [IP_Flow 19-1686] Generating 'Synthesis' target for IP 'clk_wiz_0'...
INFO: [IP_Flow 19-1686] Generating 'Simulation' target for IP 'clk_wiz_0'...
INFO: [IP_Flow 19-1686] Generating 'Implementation' target for IP 'clk_wiz_0'...
INFO: [IP_Flow 19-1686] Generating 'Change Log' target for IP 'clk_wiz_0'...
WARNING: [Common 17-599] Property 'STEPS.SYNTH_DESIGN.ARGS.RETIMING' is deprecated for object type 'run'. Please use '-global_retiming' instead.
Created D:/miniRV_CTEST_CoreMark_v8/miniRV_lab2_C_TEST0-4_CoreMark_50MHz_v8_MEM_handshake_fixed/miniRV_complete/vivado_c_test_board_50MHz/miniRV_c_test_board_50MHz.xpr
SoC clock: 50 MHz (pipelined SoC requirement satisfied)
Program image: D:/miniRV_CTEST_CoreMark_v8/miniRV_lab2_C_TEST0-4_CoreMark_50MHz_v8_MEM_handshake_fixed/miniRV_complete/software/active_test/active_test.hex (5 x 8192-word BRAM banks / 160 KiB)
C_TEST UART: 115200-8-N-1
INFO: [Common 17-206] Exiting Vivado at Wed Jul 29 10:40:05 2026...
