INFO: [VRFC 10-2263] Analyzing Verilog file "D:/Vivado/miniLA_basic_xzx_and_xwt/miniLA_basic/miniRV_axi.gen/sources_1/ip/clk_wiz_0/clk_wiz_0_clk_wiz.v" into library xil_defaultlib
INFO: [VRFC 10-311] analyzing module clk_wiz_0_clk_wiz
INFO: [VRFC 10-2263] Analyzing Verilog file "D:/Vivado/miniLA_basic_xzx_and_xwt/miniLA_basic/miniRV_axi.gen/sources_1/ip/clk_wiz_0/clk_wiz_0.v" into library xil_defaultlib
INFO: [VRFC 10-311] analyzing module clk_wiz_0
INFO: [VRFC 10-2263] Analyzing Verilog file "D:/Vivado/miniLA_basic_xzx_and_xwt/miniLA_basic/src/rtl/ALU.v" into library xil_defaultlib
INFO: [VRFC 10-311] analyzing module ALU
INFO: [VRFC 10-2263] Analyzing Verilog file "D:/Vivado/miniLA_basic_xzx_and_xwt/miniLA_basic/src/rtl/Controller.v" into library xil_defaultlib
INFO: [VRFC 10-311] analyzing module Controller
INFO: [VRFC 10-2263] Analyzing Verilog file "D:/Vivado/miniLA_basic_xzx_and_xwt/miniLA_basic/src/rtl/DCache.v" into library xil_defaultlib
INFO: [VRFC 10-311] analyzing module DCache
INFO: [VRFC 10-2263] Analyzing Verilog file "D:/Vivado/miniLA_basic_xzx_and_xwt/miniLA_basic/src/rtl/EXT.v" into library xil_defaultlib
INFO: [VRFC 10-311] analyzing module EXT
INFO: [VRFC 10-2263] Analyzing Verilog file "D:/Vivado/miniLA_basic_xzx_and_xwt/miniLA_basic/src/rtl/ICache.v" into library xil_defaultlib
INFO: [VRFC 10-311] analyzing module ICache
INFO: [VRFC 10-2263] Analyzing Verilog file "D:/Vivado/miniLA_basic_xzx_and_xwt/miniLA_basic/src/rtl/MEXT.v" into library xil_defaultlib
INFO: [VRFC 10-311] analyzing module MEXT
INFO: [VRFC 10-2263] Analyzing Verilog file "D:/Vivado/miniLA_basic_xzx_and_xwt/miniLA_basic/src/rtl/MREQ.v" into library xil_defaultlib
INFO: [VRFC 10-311] analyzing module MREQ
INFO: [VRFC 10-2263] Analyzing Verilog file "D:/Vivado/miniLA_basic_xzx_and_xwt/miniLA_basic/src/rtl/NPC.v" into library xil_defaultlib
INFO: [VRFC 10-311] analyzing module NPC
INFO: [VRFC 10-2263] Analyzing Verilog file "D:/Vivado/miniLA_basic_xzx_and_xwt/miniLA_basic/src/rtl/PC.v" into library xil_defaultlib
INFO: [VRFC 10-311] analyzing module PC
INFO: [VRFC 10-2263] Analyzing Verilog file "D:/Vivado/miniLA_basic_xzx_and_xwt/miniLA_basic/src/rtl/RF.v" into library xil_defaultlib
INFO: [VRFC 10-311] analyzing module RF
INFO: [VRFC 10-2263] Analyzing Verilog file "D:/Vivado/miniLA_basic_xzx_and_xwt/miniLA_basic/src/rtl/axi_bus.v" into library xil_defaultlib
INFO: [VRFC 10-311] analyzing module axi_bus
WARNING: [VRFC 10-3380] identifier 'w_state' is used before its declaration [D:/Vivado/miniLA_basic_xzx_and_xwt/miniLA_basic/src/rtl/axi_bus.v:108]
INFO: [VRFC 10-2263] Analyzing Verilog file "D:/Vivado/miniLA_basic_xzx_and_xwt/miniLA_basic/src/rtl/bram_axi.v" into library xil_defaultlib
INFO: [VRFC 10-311] analyzing module bram_axi
INFO: [VRFC 10-2263] Analyzing Verilog file "D:/Vivado/miniLA_basic_xzx_and_xwt/miniLA_basic/src/rtl/cpu_core.v" into library xil_defaultlib
INFO: [VRFC 10-311] analyzing module cpu_core
INFO: [VRFC 10-2263] Analyzing Verilog file "D:/Vivado/miniLA_basic_xzx_and_xwt/miniLA_basic/src/rtl/cpu_top.v" into library xil_defaultlib
INFO: [VRFC 10-311] analyzing module cpu_top
INFO: [VRFC 10-2263] Analyzing Verilog file "D:/Vivado/miniLA_basic_xzx_and_xwt/miniLA_basic/src/rtl/divider.v" into library xil_defaultlib
INFO: [VRFC 10-311] analyzing module divider
INFO: [VRFC 10-2263] Analyzing Verilog file "D:/Vivado/miniLA_basic_xzx_and_xwt/miniLA_basic/src/rtl/miniLA_SoC.v" into library xil_defaultlib
INFO: [VRFC 10-311] analyzing module miniLA_SoC
INFO: [VRFC 10-2263] Analyzing Verilog file "D:/Vivado/miniLA_basic_xzx_and_xwt/miniLA_basic/src/rtl/multiplier.v" into library xil_defaultlib
INFO: [VRFC 10-311] analyzing module multiplier
INFO: [VRFC 10-2263] Analyzing Verilog file "D:/Vivado/miniLA_basic_xzx_and_xwt/miniLA_basic/src/sim/soc_simple_tb.v" into library xil_defaultlib
INFO: [VRFC 10-311] analyzing module soc_simple_tb
