Vivado Simulator v2023.2
Copyright 1986-2022 Xilinx, Inc. All Rights Reserved.
Copyright 2022-2023 Advanced Micro Devices, Inc. All Rights Reserved.
Running: D:/Xilinx/Vivado/2023.2/bin/unwrapped/win64.o/xelab.exe --incr --debug typical --relax --mt 2 -L xil_defaultlib -L unisims_ver -L unimacro_ver -L secureip -L xpm --snapshot soc_simple_tb_behav xil_defaultlib.soc_simple_tb xil_defaultlib.glbl -log elaborate.log 
Using 2 slave threads.
Starting static elaboration
Pass Through NonSizing Optimizer
WARNING: [VRFC 10-3091] actual bit length 64 differs from formal bit length 66 for port 'z' [D:/Vivado/miniLA_basic_xzx_and_xwt/miniLA_basic/src/rtl/ALU.v:132]
WARNING: [VRFC 10-3091] actual bit length 32 differs from formal bit length 33 for port 'z' [D:/Vivado/miniLA_basic_xzx_and_xwt/miniLA_basic/src/rtl/ALU.v:155]
WARNING: [VRFC 10-3091] actual bit length 32 differs from formal bit length 33 for port 'r' [D:/Vivado/miniLA_basic_xzx_and_xwt/miniLA_basic/src/rtl/ALU.v:156]
Completed static elaboration
Starting simulation data flow analysis
Completed simulation data flow analysis
Time Resolution for simulation is 1ps
Compiling module unisims_ver.IBUF
Compiling module unisims_ver.PLLE2_ADV(CLKFBOUT_MULT=17,CLKIN...
Compiling module unisims_ver.BUFG
Compiling module xil_defaultlib.clk_wiz_0_clk_wiz
Compiling module xil_defaultlib.clk_wiz_0
Compiling module xil_defaultlib.NPC
Compiling module xil_defaultlib.PC
Compiling module xil_defaultlib.Controller
Compiling module xil_defaultlib.RF
Compiling module xil_defaultlib.EXT
Compiling module xil_defaultlib.multiplier_default
Compiling module xil_defaultlib.multiplier(WIDTH=33)
Compiling module xil_defaultlib.divider
Compiling module xil_defaultlib.divider(WIDTH=33)
Compiling module xil_defaultlib.ALU
Compiling module xil_defaultlib.MREQ
Compiling module xil_defaultlib.MEXT
Compiling module xil_defaultlib.cpu_core
Compiling module xil_defaultlib.ICache
Compiling module xil_defaultlib.DCache
Compiling module xil_defaultlib.axi_bus
Compiling module xil_defaultlib.cpu_top
Compiling module xil_defaultlib.bram_axi_default
WARNING: [XSIM 43-3373] "D:/Vivado/miniLA_basic_xzx_and_xwt/miniLA_basic/src/rtl/bram_axi.v" Line 190. System function $fread is used as system task. This system function should have a LHS e.g. x=$fread().
Compiling module xil_defaultlib.miniLA_SoC
WARNING: [XSIM 43-3373] "D:/Vivado/miniLA_basic_xzx_and_xwt/miniLA_basic/src/rtl/miniLA_SoC.v" Line 134. System function $fread is used as system task. This system function should have a LHS e.g. x=$fread().
Compiling module xil_defaultlib.soc_simple_tb
Compiling module xil_defaultlib.glbl
Built simulation snapshot soc_simple_tb_behav
