INFO: [VRFC 10-2263] Analyzing Verilog file "D:/Vivado/miniLA_basic_xzx_and_xwt/miniLA_basic_pipeline/src/rtl/ip/bram_axi/sim/bram_axi.v" into library xil_defaultlib
INFO: [VRFC 10-311] analyzing module bram_axi
INFO: [VRFC 10-2263] Analyzing Verilog file "D:/Vivado/miniLA_basic_xzx_and_xwt/miniLA_basic_pipeline/src/rtl/ALU.v" into library xil_defaultlib
INFO: [VRFC 10-311] analyzing module ALU
INFO: [VRFC 10-2263] Analyzing Verilog file "D:/Vivado/miniLA_basic_xzx_and_xwt/miniLA_basic_pipeline/src/rtl/Controller.v" into library xil_defaultlib
INFO: [VRFC 10-311] analyzing module Controller
INFO: [VRFC 10-2263] Analyzing Verilog file "D:/Vivado/miniLA_basic_xzx_and_xwt/miniLA_basic_pipeline/src/rtl/DCache.v" into library xil_defaultlib
INFO: [VRFC 10-311] analyzing module DCache
INFO: [VRFC 10-2263] Analyzing Verilog file "D:/Vivado/miniLA_basic_xzx_and_xwt/miniLA_basic_pipeline/src/rtl/EXT.v" into library xil_defaultlib
INFO: [VRFC 10-311] analyzing module EXT
INFO: [VRFC 10-2263] Analyzing Verilog file "D:/Vivado/miniLA_basic_xzx_and_xwt/miniLA_basic_pipeline/src/rtl/ICache.v" into library xil_defaultlib
INFO: [VRFC 10-311] analyzing module ICache
INFO: [VRFC 10-2263] Analyzing Verilog file "D:/Vivado/miniLA_basic_xzx_and_xwt/miniLA_basic_pipeline/src/rtl/MEXT.v" into library xil_defaultlib
INFO: [VRFC 10-311] analyzing module MEXT
INFO: [VRFC 10-2263] Analyzing Verilog file "D:/Vivado/miniLA_basic_xzx_and_xwt/miniLA_basic_pipeline/src/rtl/MREQ.v" into library xil_defaultlib
INFO: [VRFC 10-311] analyzing module MREQ
INFO: [VRFC 10-2263] Analyzing Verilog file "D:/Vivado/miniLA_basic_xzx_and_xwt/miniLA_basic_pipeline/src/rtl/RF.v" into library xil_defaultlib
INFO: [VRFC 10-311] analyzing module RF
INFO: [VRFC 10-2263] Analyzing Verilog file "D:/Vivado/miniLA_basic_xzx_and_xwt/miniLA_basic_pipeline/src/rtl/axi_bus.v" into library xil_defaultlib
INFO: [VRFC 10-311] analyzing module axi_bus
INFO: [VRFC 10-2263] Analyzing Verilog file "D:/Vivado/miniLA_basic_xzx_and_xwt/miniLA_basic_pipeline/src/rtl/cpu_core.v" into library xil_defaultlib
INFO: [VRFC 10-311] analyzing module cpu_core
INFO: [VRFC 10-2263] Analyzing Verilog file "D:/Vivado/miniLA_basic_xzx_and_xwt/miniLA_basic_pipeline/src/rtl/cpu_top.v" into library xil_defaultlib
INFO: [VRFC 10-311] analyzing module cpu_top
INFO: [VRFC 10-2263] Analyzing Verilog file "D:/Vivado/miniLA_basic_xzx_and_xwt/miniLA_basic_pipeline/src/rtl/divider.v" into library xil_defaultlib
INFO: [VRFC 10-311] analyzing module divider
INFO: [VRFC 10-2263] Analyzing Verilog file "D:/Vivado/miniLA_basic_xzx_and_xwt/miniLA_basic_pipeline/src/rtl/miniLA_SoC.v" into library xil_defaultlib
INFO: [VRFC 10-311] analyzing module miniLA_SoC
WARNING: [VRFC 10-3380] identifier 'io_write_req' is used before its declaration [D:/Vivado/miniLA_basic_xzx_and_xwt/miniLA_basic_pipeline/src/rtl/miniLA_SoC.v:87]
WARNING: [VRFC 10-3380] identifier 'io_read_req' is used before its declaration [D:/Vivado/miniLA_basic_xzx_and_xwt/miniLA_basic_pipeline/src/rtl/miniLA_SoC.v:93]
INFO: [VRFC 10-2263] Analyzing Verilog file "D:/Vivado/miniLA_basic_xzx_and_xwt/miniLA_basic_pipeline/src/rtl/multiplier.v" into library xil_defaultlib
INFO: [VRFC 10-311] analyzing module multiplier
INFO: [VRFC 10-2263] Analyzing Verilog file "D:/Vivado/miniLA_basic_xzx_and_xwt/miniLA_basic_pipeline/src/sim/soc_simple_tb.v" into library xil_defaultlib
INFO: [VRFC 10-311] analyzing module soc_simple_tb
