Vivado Simulator v2023.2
Copyright 1986-2022 Xilinx, Inc. All Rights Reserved.
Copyright 2022-2023 Advanced Micro Devices, Inc. All Rights Reserved.
Running: D:/Xilinx/Vivado/2023.2/bin/unwrapped/win64.o/xelab.exe --incr --debug typical --relax --mt 2 -L xil_defaultlib -L blk_mem_gen_v8_4_7 -L unisims_ver -L unimacro_ver -L secureip -L xpm --snapshot soc_simple_tb_behav xil_defaultlib.soc_simple_tb xil_defaultlib.glbl -log elaborate.log 
Using 2 slave threads.
Starting static elaboration
Pass Through NonSizing Optimizer
WARNING: [VRFC 10-3091] actual bit length 24 differs from formal bit length 16 for port 'sw' [D:/Vivado/miniLA_basic_xzx_and_xwt/miniLA_basic_pipeline/src/sim/soc_simple_tb.v:29]
WARNING: [VRFC 10-3091] actual bit length 24 differs from formal bit length 16 for port 'led' [D:/Vivado/miniLA_basic_xzx_and_xwt/miniLA_basic_pipeline/src/sim/soc_simple_tb.v:30]
WARNING: [VRFC 10-3091] actual bit length 64 differs from formal bit length 66 for port 'z' [D:/Vivado/miniLA_basic_xzx_and_xwt/miniLA_basic_pipeline/src/rtl/ALU.v:115]
WARNING: [VRFC 10-3091] actual bit length 32 differs from formal bit length 33 for port 'z' [D:/Vivado/miniLA_basic_xzx_and_xwt/miniLA_basic_pipeline/src/rtl/ALU.v:138]
WARNING: [VRFC 10-3091] actual bit length 32 differs from formal bit length 33 for port 'r' [D:/Vivado/miniLA_basic_xzx_and_xwt/miniLA_basic_pipeline/src/rtl/ALU.v:139]
Completed static elaboration
Starting simulation data flow analysis
Completed simulation data flow analysis
Time Resolution for simulation is 1ps
Compiling module xil_defaultlib.Controller
Compiling module xil_defaultlib.EXT
Compiling module xil_defaultlib.RF
Compiling module xil_defaultlib.multiplier_default
Compiling module xil_defaultlib.multiplier(WIDTH=33)
Compiling module xil_defaultlib.divider
Compiling module xil_defaultlib.divider(WIDTH=33)
Compiling module xil_defaultlib.ALU
Compiling module xil_defaultlib.MREQ
Compiling module xil_defaultlib.MEXT
Compiling module xil_defaultlib.cpu_core
Compiling module xil_defaultlib.ICache
Compiling module xil_defaultlib.DCache
Compiling module xil_defaultlib.axi_bus
Compiling module xil_defaultlib.cpu_top
Compiling module blk_mem_gen_v8_4_7.beh_vlog_ff_clr_v8_4
Compiling module blk_mem_gen_v8_4_7.beh_vlog_ff_pre_v8_4
Compiling module blk_mem_gen_v8_4_7.STATE_LOGIC_v8_4(INIT=64'b010101...
Compiling module blk_mem_gen_v8_4_7.STATE_LOGIC_v8_4(INIT=64'b101111...
Compiling module blk_mem_gen_v8_4_7.STATE_LOGIC_v8_4(INIT=64'b101010...
Compiling module blk_mem_gen_v8_4_7.STATE_LOGIC_v8_4(INIT=64'b010101...
Compiling module blk_mem_gen_v8_4_7.STATE_LOGIC_v8_4(INIT=64'b010001...
Compiling module blk_mem_gen_v8_4_7.STATE_LOGIC_v8_4(INIT=64'b010001...
Compiling module blk_mem_gen_v8_4_7.STATE_LOGIC_v8_4(INIT=64'b011010...
Compiling module blk_mem_gen_v8_4_7.STATE_LOGIC_v8_4(INIT=64'b111111...
Compiling module blk_mem_gen_v8_4_7.STATE_LOGIC_v8_4(INIT=64'b011000...
Compiling module blk_mem_gen_v8_4_7.STATE_LOGIC_v8_4(INIT=64'b011111...
Compiling module blk_mem_gen_v8_4_7.STATE_LOGIC_v8_4(INIT=64'b0111)
Compiling module blk_mem_gen_v8_4_7.STATE_LOGIC_v8_4(INIT=64'b111110...
Compiling module blk_mem_gen_v8_4_7.STATE_LOGIC_v8_4(INIT=64'b01000)
Compiling module blk_mem_gen_v8_4_7.STATE_LOGIC_v8_4(INIT=64'b100010...
Compiling module blk_mem_gen_v8_4_7.write_netlist_v8_4(C_AXI_TYPE=1)
Compiling module blk_mem_gen_v8_4_7.blk_mem_axi_write_wrapper_beh_v8...
Compiling module blk_mem_gen_v8_4_7.beh_vlog_ff_ce_clr_v8_4
Compiling module blk_mem_gen_v8_4_7.STATE_LOGIC_v8_4(INIT=64'b01011)
Compiling module blk_mem_gen_v8_4_7.STATE_LOGIC_v8_4(INIT=64'b0100)
Compiling module blk_mem_gen_v8_4_7.STATE_LOGIC_v8_4(INIT=64'b111011...
Compiling module blk_mem_gen_v8_4_7.STATE_LOGIC_v8_4(INIT=64'b010001...
Compiling module blk_mem_gen_v8_4_7.STATE_LOGIC_v8_4(INIT=64'b010000...
Compiling module blk_mem_gen_v8_4_7.STATE_LOGIC_v8_4(INIT=64'b011111...
Compiling module blk_mem_gen_v8_4_7.STATE_LOGIC_v8_4(INIT=64'b01)
Compiling module blk_mem_gen_v8_4_7.STATE_LOGIC_v8_4(INIT=64'b010000...
Compiling module blk_mem_gen_v8_4_7.STATE_LOGIC_v8_4(INIT=64'b010001...
Compiling module blk_mem_gen_v8_4_7.STATE_LOGIC_v8_4(INIT=64'b011101...
Compiling module blk_mem_gen_v8_4_7.STATE_LOGIC_v8_4(INIT=64'b111111...
Compiling module blk_mem_gen_v8_4_7.STATE_LOGIC_v8_4(INIT=64'b010101...
Compiling module blk_mem_gen_v8_4_7.STATE_LOGIC_v8_4(INIT=64'b111100...
Compiling module blk_mem_gen_v8_4_7.beh_vlog_muxf7_v8_4
Compiling module blk_mem_gen_v8_4_7.STATE_LOGIC_v8_4(INIT=64'b010101...
Compiling module blk_mem_gen_v8_4_7.STATE_LOGIC_v8_4(INIT=64'b011100...
Compiling module blk_mem_gen_v8_4_7.STATE_LOGIC_v8_4(INIT=64'b011111...
Compiling module blk_mem_gen_v8_4_7.STATE_LOGIC_v8_4(INIT=64'b010001...
Compiling module blk_mem_gen_v8_4_7.STATE_LOGIC_v8_4(INIT=64'b010001...
Compiling module blk_mem_gen_v8_4_7.STATE_LOGIC_v8_4(INIT=64'b011100...
Compiling module blk_mem_gen_v8_4_7.read_netlist_v8_4(C_ADDRB_WIDTH=...
Compiling module blk_mem_gen_v8_4_7.blk_mem_axi_read_wrapper_beh_v8_...
Compiling module blk_mem_gen_v8_4_7.blk_mem_gen_v8_4_7_output_stage(...
Compiling module blk_mem_gen_v8_4_7.blk_mem_gen_v8_4_7_output_stage(...
Compiling module blk_mem_gen_v8_4_7.blk_mem_gen_v8_4_7_softecc_outpu...
Compiling module blk_mem_gen_v8_4_7.blk_mem_gen_v8_4_7_mem_module(C_...
Compiling module blk_mem_gen_v8_4_7.blk_mem_gen_v8_4_7(C_FAMILY="art...
Compiling module xil_defaultlib.bram_axi
Compiling module xil_defaultlib.miniLA_SoC
Compiling module xil_defaultlib.soc_simple_tb
Compiling module xil_defaultlib.glbl
Built simulation snapshot soc_simple_tb_behav
